

Error 404



Error 403

http://www.bbcgoodfood.com/